12-07-2025 15:41:39.886 [restartedMain] INFO  c.a.qiqishop.QiqishopApplication.logStarting - Starting QiqishopApplication using Java 23 with PID 23956 (C:\Users\giang\intellij-workspace\personal-project\qiqishop\target\classes started by giang in C:\Users\giang\intellij-workspace\personal-project\qiqishop)
12-07-2025 15:41:39.907 [restartedMain] INFO  c.a.qiqishop.QiqishopApplication.logStartupProfileInfo - No active profile set, falling back to 1 default profile: "default"
12-07-2025 15:41:40.184 [restartedMain] INFO  o.s.b.d.e.DevToolsPropertyDefaultsPostProcessor.logTo - Devtools property defaults active! Set 'spring.devtools.add-properties' to 'false' to disable
12-07-2025 15:41:40.185 [restartedMain] INFO  o.s.b.d.e.DevToolsPropertyDefaultsPostProcessor.logTo - For additional web related logging consider setting the 'logging.level.web' property to 'DEBUG'
12-07-2025 15:41:43.788 [restartedMain] INFO  o.s.d.r.c.RepositoryConfigurationDelegate.multipleStoresDetected - Multiple Spring Data modules found, entering strict repository configuration mode
12-07-2025 15:41:43.790 [restartedMain] INFO  o.s.d.r.c.RepositoryConfigurationDelegate.registerRepositoriesIn - Bootstrapping Spring Data JPA repositories in DEFAULT mode.
12-07-2025 15:41:44.332 [restartedMain] INFO  o.s.d.r.c.RepositoryConfigurationDelegate.registerRepositoriesIn - Finished Spring Data repository scanning in 531 ms. Found 34 JPA repository interfaces.
12-07-2025 15:41:44.357 [restartedMain] INFO  o.s.d.r.c.RepositoryConfigurationDelegate.multipleStoresDetected - Multiple Spring Data modules found, entering strict repository configuration mode
12-07-2025 15:41:44.358 [restartedMain] INFO  o.s.d.r.c.RepositoryConfigurationDelegate.registerRepositoriesIn - Bootstrapping Spring Data Redis repositories in DEFAULT mode.
12-07-2025 15:41:44.430 [restartedMain] INFO  o.s.d.r.c.RepositoryConfigurationExtensionSupport.isStrictRepositoryCandidate - Spring Data Redis - Could not safely identify store assignment for repository candidate interface com.app85soft.qiqishop.repositories.address.AddressRepository; If you want this repository to be a Redis repository, consider annotating your entities with one of these annotations: org.springframework.data.redis.core.RedisHash (preferred), or consider extending one of the following types with your repository: org.springframework.data.keyvalue.repository.KeyValueRepository
12-07-2025 15:41:44.431 [restartedMain] INFO  o.s.d.r.c.RepositoryConfigurationExtensionSupport.isStrictRepositoryCandidate - Spring Data Redis - Could not safely identify store assignment for repository candidate interface com.app85soft.qiqishop.repositories.address.DistrictRepository; If you want this repository to be a Redis repository, consider annotating your entities with one of these annotations: org.springframework.data.redis.core.RedisHash (preferred), or consider extending one of the following types with your repository: org.springframework.data.keyvalue.repository.KeyValueRepository
12-07-2025 15:41:44.432 [restartedMain] INFO  o.s.d.r.c.RepositoryConfigurationExtensionSupport.isStrictRepositoryCandidate - Spring Data Redis - Could not safely identify store assignment for repository candidate interface com.app85soft.qiqishop.repositories.address.ProvinceRepository; If you want this repository to be a Redis repository, consider annotating your entities with one of these annotations: org.springframework.data.redis.core.RedisHash (preferred), or consider extending one of the following types with your repository: org.springframework.data.keyvalue.repository.KeyValueRepository
12-07-2025 15:41:44.433 [restartedMain] INFO  o.s.d.r.c.RepositoryConfigurationExtensionSupport.isStrictRepositoryCandidate - Spring Data Redis - Could not safely identify store assignment for repository candidate interface com.app85soft.qiqishop.repositories.address.WardRepository; If you want this repository to be a Redis repository, consider annotating your entities with one of these annotations: org.springframework.data.redis.core.RedisHash (preferred), or consider extending one of the following types with your repository: org.springframework.data.keyvalue.repository.KeyValueRepository
12-07-2025 15:41:44.434 [restartedMain] INFO  o.s.d.r.c.RepositoryConfigurationExtensionSupport.isStrictRepositoryCandidate - Spring Data Redis - Could not safely identify store assignment for repository candidate interface com.app85soft.qiqishop.repositories.blog.BlogRespository; If you want this repository to be a Redis repository, consider annotating your entities with one of these annotations: org.springframework.data.redis.core.RedisHash (preferred), or consider extending one of the following types with your repository: org.springframework.data.keyvalue.repository.KeyValueRepository
12-07-2025 15:41:44.436 [restartedMain] INFO  o.s.d.r.c.RepositoryConfigurationExtensionSupport.isStrictRepositoryCandidate - Spring Data Redis - Could not safely identify store assignment for repository candidate interface com.app85soft.qiqishop.repositories.cart.CartRepository; If you want this repository to be a Redis repository, consider annotating your entities with one of these annotations: org.springframework.data.redis.core.RedisHash (preferred), or consider extending one of the following types with your repository: org.springframework.data.keyvalue.repository.KeyValueRepository
12-07-2025 15:41:44.437 [restartedMain] INFO  o.s.d.r.c.RepositoryConfigurationExtensionSupport.isStrictRepositoryCandidate - Spring Data Redis - Could not safely identify store assignment for repository candidate interface com.app85soft.qiqishop.repositories.cart_item.CartItemRepository; If you want this repository to be a Redis repository, consider annotating your entities with one of these annotations: org.springframework.data.redis.core.RedisHash (preferred), or consider extending one of the following types with your repository: org.springframework.data.keyvalue.repository.KeyValueRepository
12-07-2025 15:41:44.437 [restartedMain] INFO  o.s.d.r.c.RepositoryConfigurationExtensionSupport.isStrictRepositoryCandidate - Spring Data Redis - Could not safely identify store assignment for repository candidate interface com.app85soft.qiqishop.repositories.category.CategoryRepository; If you want this repository to be a Redis repository, consider annotating your entities with one of these annotations: org.springframework.data.redis.core.RedisHash (preferred), or consider extending one of the following types with your repository: org.springframework.data.keyvalue.repository.KeyValueRepository
12-07-2025 15:41:44.438 [restartedMain] INFO  o.s.d.r.c.RepositoryConfigurationExtensionSupport.isStrictRepositoryCandidate - Spring Data Redis - Could not safely identify store assignment for repository candidate interface com.app85soft.qiqishop.repositories.chat_message.ChatMessageRepository; If you want this repository to be a Redis repository, consider annotating your entities with one of these annotations: org.springframework.data.redis.core.RedisHash (preferred), or consider extending one of the following types with your repository: org.springframework.data.keyvalue.repository.KeyValueRepository
12-07-2025 15:41:44.439 [restartedMain] INFO  o.s.d.r.c.RepositoryConfigurationExtensionSupport.isStrictRepositoryCandidate - Spring Data Redis - Could not safely identify store assignment for repository candidate interface com.app85soft.qiqishop.repositories.contact.ContactRepository; If you want this repository to be a Redis repository, consider annotating your entities with one of these annotations: org.springframework.data.redis.core.RedisHash (preferred), or consider extending one of the following types with your repository: org.springframework.data.keyvalue.repository.KeyValueRepository
12-07-2025 15:41:44.440 [restartedMain] INFO  o.s.d.r.c.RepositoryConfigurationExtensionSupport.isStrictRepositoryCandidate - Spring Data Redis - Could not safely identify store assignment for repository candidate interface com.app85soft.qiqishop.repositories.media.MediaRepository; If you want this repository to be a Redis repository, consider annotating your entities with one of these annotations: org.springframework.data.redis.core.RedisHash (preferred), or consider extending one of the following types with your repository: org.springframework.data.keyvalue.repository.KeyValueRepository
12-07-2025 15:41:44.441 [restartedMain] INFO  o.s.d.r.c.RepositoryConfigurationExtensionSupport.isStrictRepositoryCandidate - Spring Data Redis - Could not safely identify store assignment for repository candidate interface com.app85soft.qiqishop.repositories.model.ModelRepository; If you want this repository to be a Redis repository, consider annotating your entities with one of these annotations: org.springframework.data.redis.core.RedisHash (preferred), or consider extending one of the following types with your repository: org.springframework.data.keyvalue.repository.KeyValueRepository
12-07-2025 15:41:44.442 [restartedMain] INFO  o.s.d.r.c.RepositoryConfigurationExtensionSupport.isStrictRepositoryCandidate - Spring Data Redis - Could not safely identify store assignment for repository candidate interface com.app85soft.qiqishop.repositories.notification.NotificationRepository; If you want this repository to be a Redis repository, consider annotating your entities with one of these annotations: org.springframework.data.redis.core.RedisHash (preferred), or consider extending one of the following types with your repository: org.springframework.data.keyvalue.repository.KeyValueRepository
12-07-2025 15:41:44.442 [restartedMain] INFO  o.s.d.r.c.RepositoryConfigurationExtensionSupport.isStrictRepositoryCandidate - Spring Data Redis - Could not safely identify store assignment for repository candidate interface com.app85soft.qiqishop.repositories.order.OrderDetailBatchRepository; If you want this repository to be a Redis repository, consider annotating your entities with one of these annotations: org.springframework.data.redis.core.RedisHash (preferred), or consider extending one of the following types with your repository: org.springframework.data.keyvalue.repository.KeyValueRepository
12-07-2025 15:41:44.443 [restartedMain] INFO  o.s.d.r.c.RepositoryConfigurationExtensionSupport.isStrictRepositoryCandidate - Spring Data Redis - Could not safely identify store assignment for repository candidate interface com.app85soft.qiqishop.repositories.order.OrderDetailRepository; If you want this repository to be a Redis repository, consider annotating your entities with one of these annotations: org.springframework.data.redis.core.RedisHash (preferred), or consider extending one of the following types with your repository: org.springframework.data.keyvalue.repository.KeyValueRepository
12-07-2025 15:41:44.443 [restartedMain] INFO  o.s.d.r.c.RepositoryConfigurationExtensionSupport.isStrictRepositoryCandidate - Spring Data Redis - Could not safely identify store assignment for repository candidate interface com.app85soft.qiqishop.repositories.order.OrderRepository; If you want this repository to be a Redis repository, consider annotating your entities with one of these annotations: org.springframework.data.redis.core.RedisHash (preferred), or consider extending one of the following types with your repository: org.springframework.data.keyvalue.repository.KeyValueRepository
12-07-2025 15:41:44.444 [restartedMain] INFO  o.s.d.r.c.RepositoryConfigurationExtensionSupport.isStrictRepositoryCandidate - Spring Data Redis - Could not safely identify store assignment for repository candidate interface com.app85soft.qiqishop.repositories.otp.OtpRepository; If you want this repository to be a Redis repository, consider annotating your entities with one of these annotations: org.springframework.data.redis.core.RedisHash (preferred), or consider extending one of the following types with your repository: org.springframework.data.keyvalue.repository.KeyValueRepository
12-07-2025 15:41:44.445 [restartedMain] INFO  o.s.d.r.c.RepositoryConfigurationExtensionSupport.isStrictRepositoryCandidate - Spring Data Redis - Could not safely identify store assignment for repository candidate interface com.app85soft.qiqishop.repositories.permission.PermissionRepository; If you want this repository to be a Redis repository, consider annotating your entities with one of these annotations: org.springframework.data.redis.core.RedisHash (preferred), or consider extending one of the following types with your repository: org.springframework.data.keyvalue.repository.KeyValueRepository
12-07-2025 15:41:44.446 [restartedMain] INFO  o.s.d.r.c.RepositoryConfigurationExtensionSupport.isStrictRepositoryCandidate - Spring Data Redis - Could not safely identify store assignment for repository candidate interface com.app85soft.qiqishop.repositories.product.ProductImageRepository; If you want this repository to be a Redis repository, consider annotating your entities with one of these annotations: org.springframework.data.redis.core.RedisHash (preferred), or consider extending one of the following types with your repository: org.springframework.data.keyvalue.repository.KeyValueRepository
12-07-2025 15:41:44.447 [restartedMain] INFO  o.s.d.r.c.RepositoryConfigurationExtensionSupport.isStrictRepositoryCandidate - Spring Data Redis - Could not safely identify store assignment for repository candidate interface com.app85soft.qiqishop.repositories.product.ProductRepository; If you want this repository to be a Redis repository, consider annotating your entities with one of these annotations: org.springframework.data.redis.core.RedisHash (preferred), or consider extending one of the following types with your repository: org.springframework.data.keyvalue.repository.KeyValueRepository
12-07-2025 15:41:44.447 [restartedMain] INFO  o.s.d.r.c.RepositoryConfigurationExtensionSupport.isStrictRepositoryCandidate - Spring Data Redis - Could not safely identify store assignment for repository candidate interface com.app85soft.qiqishop.repositories.promotion.PromotionRepository; If you want this repository to be a Redis repository, consider annotating your entities with one of these annotations: org.springframework.data.redis.core.RedisHash (preferred), or consider extending one of the following types with your repository: org.springframework.data.keyvalue.repository.KeyValueRepository
12-07-2025 15:41:44.448 [restartedMain] INFO  o.s.d.r.c.RepositoryConfigurationExtensionSupport.isStrictRepositoryCandidate - Spring Data Redis - Could not safely identify store assignment for repository candidate interface com.app85soft.qiqishop.repositories.promotion_model.PromotionModelRepository; If you want this repository to be a Redis repository, consider annotating your entities with one of these annotations: org.springframework.data.redis.core.RedisHash (preferred), or consider extending one of the following types with your repository: org.springframework.data.keyvalue.repository.KeyValueRepository
12-07-2025 15:41:44.449 [restartedMain] INFO  o.s.d.r.c.RepositoryConfigurationExtensionSupport.isStrictRepositoryCandidate - Spring Data Redis - Could not safely identify store assignment for repository candidate interface com.app85soft.qiqishop.repositories.purchase_order.PurchaseOrderRepository; If you want this repository to be a Redis repository, consider annotating your entities with one of these annotations: org.springframework.data.redis.core.RedisHash (preferred), or consider extending one of the following types with your repository: org.springframework.data.keyvalue.repository.KeyValueRepository
12-07-2025 15:41:44.449 [restartedMain] INFO  o.s.d.r.c.RepositoryConfigurationExtensionSupport.isStrictRepositoryCandidate - Spring Data Redis - Could not safely identify store assignment for repository candidate interface com.app85soft.qiqishop.repositories.purchase_order_item.PurchaseOrderItemRepository; If you want this repository to be a Redis repository, consider annotating your entities with one of these annotations: org.springframework.data.redis.core.RedisHash (preferred), or consider extending one of the following types with your repository: org.springframework.data.keyvalue.repository.KeyValueRepository
12-07-2025 15:41:44.449 [restartedMain] INFO  o.s.d.r.c.RepositoryConfigurationExtensionSupport.isStrictRepositoryCandidate - Spring Data Redis - Could not safely identify store assignment for repository candidate interface com.app85soft.qiqishop.repositories.rating.RatingRepository; If you want this repository to be a Redis repository, consider annotating your entities with one of these annotations: org.springframework.data.redis.core.RedisHash (preferred), or consider extending one of the following types with your repository: org.springframework.data.keyvalue.repository.KeyValueRepository
12-07-2025 15:41:44.450 [restartedMain] INFO  o.s.d.r.c.RepositoryConfigurationExtensionSupport.isStrictRepositoryCandidate - Spring Data Redis - Could not safely identify store assignment for repository candidate interface com.app85soft.qiqishop.repositories.role.RolePermissionRepository; If you want this repository to be a Redis repository, consider annotating your entities with one of these annotations: org.springframework.data.redis.core.RedisHash (preferred), or consider extending one of the following types with your repository: org.springframework.data.keyvalue.repository.KeyValueRepository
12-07-2025 15:41:44.451 [restartedMain] INFO  o.s.d.r.c.RepositoryConfigurationExtensionSupport.isStrictRepositoryCandidate - Spring Data Redis - Could not safely identify store assignment for repository candidate interface com.app85soft.qiqishop.repositories.role.RoleRepository; If you want this repository to be a Redis repository, consider annotating your entities with one of these annotations: org.springframework.data.redis.core.RedisHash (preferred), or consider extending one of the following types with your repository: org.springframework.data.keyvalue.repository.KeyValueRepository
12-07-2025 15:41:44.451 [restartedMain] INFO  o.s.d.r.c.RepositoryConfigurationExtensionSupport.isStrictRepositoryCandidate - Spring Data Redis - Could not safely identify store assignment for repository candidate interface com.app85soft.qiqishop.repositories.stock_batch.StockBatchRepository; If you want this repository to be a Redis repository, consider annotating your entities with one of these annotations: org.springframework.data.redis.core.RedisHash (preferred), or consider extending one of the following types with your repository: org.springframework.data.keyvalue.repository.KeyValueRepository
12-07-2025 15:41:44.452 [restartedMain] INFO  o.s.d.r.c.RepositoryConfigurationExtensionSupport.isStrictRepositoryCandidate - Spring Data Redis - Could not safely identify store assignment for repository candidate interface com.app85soft.qiqishop.repositories.transaction.TransactionRepository; If you want this repository to be a Redis repository, consider annotating your entities with one of these annotations: org.springframework.data.redis.core.RedisHash (preferred), or consider extending one of the following types with your repository: org.springframework.data.keyvalue.repository.KeyValueRepository
12-07-2025 15:41:44.452 [restartedMain] INFO  o.s.d.r.c.RepositoryConfigurationExtensionSupport.isStrictRepositoryCandidate - Spring Data Redis - Could not safely identify store assignment for repository candidate interface com.app85soft.qiqishop.repositories.user.UserRepository; If you want this repository to be a Redis repository, consider annotating your entities with one of these annotations: org.springframework.data.redis.core.RedisHash (preferred), or consider extending one of the following types with your repository: org.springframework.data.keyvalue.repository.KeyValueRepository
12-07-2025 15:41:44.452 [restartedMain] INFO  o.s.d.r.c.RepositoryConfigurationExtensionSupport.isStrictRepositoryCandidate - Spring Data Redis - Could not safely identify store assignment for repository candidate interface com.app85soft.qiqishop.repositories.variant.VariantOptionRepository; If you want this repository to be a Redis repository, consider annotating your entities with one of these annotations: org.springframework.data.redis.core.RedisHash (preferred), or consider extending one of the following types with your repository: org.springframework.data.keyvalue.repository.KeyValueRepository
12-07-2025 15:41:44.453 [restartedMain] INFO  o.s.d.r.c.RepositoryConfigurationExtensionSupport.isStrictRepositoryCandidate - Spring Data Redis - Could not safely identify store assignment for repository candidate interface com.app85soft.qiqishop.repositories.variant.VariantValueRepository; If you want this repository to be a Redis repository, consider annotating your entities with one of these annotations: org.springframework.data.redis.core.RedisHash (preferred), or consider extending one of the following types with your repository: org.springframework.data.keyvalue.repository.KeyValueRepository
12-07-2025 15:41:44.453 [restartedMain] INFO  o.s.d.r.c.RepositoryConfigurationExtensionSupport.isStrictRepositoryCandidate - Spring Data Redis - Could not safely identify store assignment for repository candidate interface com.app85soft.qiqishop.repositories.wish_list.WishListRepository; If you want this repository to be a Redis repository, consider annotating your entities with one of these annotations: org.springframework.data.redis.core.RedisHash (preferred), or consider extending one of the following types with your repository: org.springframework.data.keyvalue.repository.KeyValueRepository
12-07-2025 15:41:44.454 [restartedMain] INFO  o.s.d.r.c.RepositoryConfigurationExtensionSupport.isStrictRepositoryCandidate - Spring Data Redis - Could not safely identify store assignment for repository candidate interface com.app85soft.qiqishop.schedule.repository.SchedulerRepository; If you want this repository to be a Redis repository, consider annotating your entities with one of these annotations: org.springframework.data.redis.core.RedisHash (preferred), or consider extending one of the following types with your repository: org.springframework.data.keyvalue.repository.KeyValueRepository
12-07-2025 15:41:44.454 [restartedMain] INFO  o.s.d.r.c.RepositoryConfigurationDelegate.registerRepositoriesIn - Finished Spring Data repository scanning in 81 ms. Found 0 Redis repository interfaces.
12-07-2025 15:41:45.239 [restartedMain] WARN  o.s.c.s.PostProcessorRegistrationDelegate$BeanPostProcessorChecker.postProcessAfterInitialization - Bean 'org.springframework.ws.config.annotation.DelegatingWsConfiguration' of type [org.springframework.ws.config.annotation.DelegatingWsConfiguration$$SpringCGLIB$$0] is not eligible for getting processed by all BeanPostProcessors (for example: not eligible for auto-proxying). The currently created BeanPostProcessor [annotationActionEndpointMapping] is declared through a non-static factory method on that class; consider declaring it as static instead.
12-07-2025 15:41:45.290 [restartedMain] INFO  o.s.w.s.a.s.AnnotationActionEndpointMapping.afterPropertiesSet - Supporting [WS-Addressing August 2004, WS-Addressing 1.0]
12-07-2025 15:41:46.406 [restartedMain] INFO  o.s.b.w.e.tomcat.TomcatWebServer.initialize - Tomcat initialized with port 8086 (http)
12-07-2025 15:41:46.438 [restartedMain] INFO  o.a.catalina.core.StandardService.log - Starting service [Tomcat]
12-07-2025 15:41:46.439 [restartedMain] INFO  o.a.catalina.core.StandardEngine.log - Starting Servlet engine: [Apache Tomcat/10.1.36]
12-07-2025 15:41:46.565 [restartedMain] INFO  o.a.c.c.C.[Tomcat].[localhost].[/].log - Initializing Spring embedded WebApplicationContext
12-07-2025 15:41:46.565 [restartedMain] INFO  o.s.b.w.s.c.ServletWebServerApplicationContext.prepareWebApplicationContext - Root WebApplicationContext: initialization completed in 6378 ms
12-07-2025 15:41:47.261 [restartedMain] INFO  com.zaxxer.hikari.HikariDataSource.getConnection - HikariPool-1 - Starting...
12-07-2025 15:41:48.498 [restartedMain] INFO  com.zaxxer.hikari.pool.HikariPool.checkFailFast - HikariPool-1 - Added connection com.mysql.cj.jdbc.ConnectionImpl@572fd98f
12-07-2025 15:41:48.501 [restartedMain] INFO  com.zaxxer.hikari.HikariDataSource.getConnection - HikariPool-1 - Start completed.
12-07-2025 15:41:48.687 [restartedMain] INFO  org.flywaydb.core.FlywayExecutor.info - Database: jdbc:mysql://switchback.proxy.rlwy.net:23029/railway (MySQL 9.3)
12-07-2025 15:41:49.111 [restartedMain] WARN  o.f.c.i.database.base.Database.warn - Flyway upgrade recommended: MySQL 9.3 is newer than this version of Flyway and support has not been tested. The latest supported version of MySQL is 8.1.
12-07-2025 15:41:49.548 [restartedMain] INFO  o.f.core.internal.command.DbValidate.info - Successfully validated 1 migration (execution time 00:00.377s)
12-07-2025 15:41:50.215 [restartedMain] INFO  o.f.core.internal.command.DbMigrate.info - Current version of schema `railway`: 1.0
12-07-2025 15:41:50.269 [restartedMain] INFO  o.f.core.internal.command.DbMigrate.info - Schema `railway` is up to date. No migration necessary.
12-07-2025 15:41:50.764 [restartedMain] INFO  o.h.jpa.internal.util.LogHelper.logPersistenceUnitInformation - HHH000204: Processing PersistenceUnitInfo [name: default]
12-07-2025 15:41:50.874 [restartedMain] INFO  org.hibernate.Version.logVersion - HHH000412: Hibernate ORM core version 6.6.8.Final
12-07-2025 15:41:50.943 [restartedMain] INFO  o.h.c.i.RegionFactoryInitiator.initiateService - HHH000026: Second-level cache disabled
12-07-2025 15:41:51.354 [restartedMain] INFO  o.s.o.j.p.SpringPersistenceUnitInfo.addTransformer - No LoadTimeWeaver setup: ignoring JPA class transformer
12-07-2025 15:41:51.633 [restartedMain] INFO  o.hibernate.orm.connections.pooling.initiateService - HHH10001005: Database info:
	Database JDBC URL [Connecting through datasource 'HikariDataSource (HikariPool-1)']
	Database driver: undefined/unknown
	Database version: 9.3
	Autocommit mode: undefined/unknown
	Isolation level: undefined/unknown
	Minimum pool size: undefined/unknown
	Maximum pool size: undefined/unknown
12-07-2025 15:41:53.509 [restartedMain] INFO  o.h.e.t.j.p.i.JtaPlatformInitiator.initiateService - HHH000489: No JTA platform available (set 'hibernate.transaction.jta.platform' to enable JTA platform integration)
12-07-2025 15:41:53.752 [restartedMain] INFO  o.s.o.j.LocalContainerEntityManagerFactoryBean.buildNativeEntityManagerFactory - Initialized JPA EntityManagerFactory for persistence unit 'default'
12-07-2025 15:41:54.584 [restartedMain] INFO  o.s.d.j.r.query.QueryEnhancerFactory.<clinit> - Hibernate is in classpath; If applicable, HQL parser will be used.
12-07-2025 15:41:56.453 [restartedMain] INFO  org.quartz.impl.StdSchedulerFactory.instantiate - Using default implementation for ThreadExecutor
12-07-2025 15:41:56.466 [restartedMain] INFO  o.quartz.core.SchedulerSignalerImpl.<init> - Initialized Scheduler Signaller of type: class org.quartz.core.SchedulerSignalerImpl
12-07-2025 15:41:56.466 [restartedMain] INFO  org.quartz.core.QuartzScheduler.<init> - Quartz Scheduler v.2.3.2 created.
12-07-2025 15:41:56.467 [restartedMain] INFO  o.q.p.management.ShutdownHookPlugin.initialize - Registering Quartz shutdown hook.
12-07-2025 15:41:56.517 [restartedMain] INFO  o.s.s.quartz.LocalDataSourceJobStore.initialize - Using db table-based data access locking (synchronization).
12-07-2025 15:41:56.519 [restartedMain] INFO  o.s.s.quartz.LocalDataSourceJobStore.initialize - JobStoreCMT initialized.
12-07-2025 15:41:56.520 [restartedMain] INFO  org.quartz.core.QuartzScheduler.initialize - Scheduler meta-data: Quartz Scheduler (v2.3.2) 'QiqiShopScheduler' with instanceId 'e857b0be-e1d0-4d67-82aa-4f1890abfbc1'
  Scheduler class: 'org.quartz.core.QuartzScheduler' - running locally.
  NOT STARTED.
  Currently in standby mode.
  Number of jobs executed: 0
  Using thread pool 'org.quartz.simpl.SimpleThreadPool' - with 20 threads.
  Using job-store 'org.springframework.scheduling.quartz.LocalDataSourceJobStore' - which supports persistence. and is clustered.

12-07-2025 15:41:56.520 [restartedMain] INFO  org.quartz.impl.StdSchedulerFactory.instantiate - Quartz scheduler 'QiqiShopScheduler' initialized from an externally provided properties instance.
12-07-2025 15:41:56.520 [restartedMain] INFO  org.quartz.impl.StdSchedulerFactory.instantiate - Quartz scheduler version: 2.3.2
12-07-2025 15:41:56.520 [restartedMain] INFO  org.quartz.core.QuartzScheduler.setJobFactory - JobFactory set to: com.app85soft.qiqishop.schedule.component.SchedulerJobFactory@31fe11c0
12-07-2025 15:41:56.597 [restartedMain] ERROR c.a.q.s.service.SchedulerServiceImpl.scheduleNewJob - Job Name: SCHEDULE_PER_5_MINUTES_JOB - Job Group: null - scheduleNewJobRequest: jobAlreadyExist
12-07-2025 15:41:56.798 [restartedMain] WARN  o.s.b.a.o.j.JpaBaseConfiguration$JpaWebConfiguration.openEntityManagerInViewInterceptor - spring.jpa.open-in-view is enabled by default. Therefore, database queries may be performed during view rendering. Explicitly configure spring.jpa.open-in-view to disable this warning
12-07-2025 15:41:56.826 [restartedMain] WARN  o.s.b.a.s.s.UserDetailsServiceAutoConfiguration.getOrDeducePassword - 

Using generated security password: be35e735-aa27-4a61-9cc6-8dadd5e9f3ed

This generated password is for development use only. Your security configuration must be updated before running your application in production.

12-07-2025 15:41:56.833 [restartedMain] INFO  o.s.s.c.a.a.c.InitializeUserDetailsBeanManagerConfigurer$InitializeUserDetailsManagerConfigurer.configure - Global AuthenticationManager configured with UserDetailsService bean with name inMemoryUserDetailsManager
12-07-2025 15:41:57.995 [restartedMain] INFO  o.s.b.d.a.OptionalLiveReloadServer.startServer - LiveReload server is running on port 35729
12-07-2025 15:41:58.036 [restartedMain] INFO  o.s.m.s.b.SimpleBrokerMessageHandler.info - Starting...
12-07-2025 15:41:58.036 [restartedMain] INFO  o.s.m.s.b.SimpleBrokerMessageHandler.info - BrokerAvailabilityEvent[available=true, SimpleBrokerMessageHandler [org.springframework.messaging.simp.broker.DefaultSubscriptionRegistry@645b201e]]
12-07-2025 15:41:58.038 [restartedMain] INFO  o.s.m.s.b.SimpleBrokerMessageHandler.info - Started.
12-07-2025 15:41:58.062 [restartedMain] INFO  o.s.b.w.e.tomcat.TomcatWebServer.start - Tomcat started on port 8086 (http) with context path '/'
12-07-2025 15:41:58.063 [restartedMain] INFO  o.s.s.quartz.SchedulerFactoryBean.startScheduler - Starting Quartz Scheduler now
12-07-2025 15:41:58.484 [restartedMain] INFO  org.quartz.core.QuartzScheduler.start - Scheduler QiqiShopScheduler_$_e857b0be-e1d0-4d67-82aa-4f1890abfbc1 started.
12-07-2025 15:41:58.498 [restartedMain] INFO  c.a.qiqishop.QiqishopApplication.logStarted - Started QiqishopApplication in 24.008 seconds (process running for 35.903)
12-07-2025 15:41:58.502 [restartedMain] INFO  c.a.q.s.c.SchedulerStartUpHandler.run - Schedule all new scheduler jobs at app startup - starting
12-07-2025 15:41:59.017 [restartedMain] INFO  c.a.q.s.c.SchedulerStartUpHandler.run - Schedule all new scheduler jobs at app startup - complete
12-07-2025 15:42:58.038 [MessageBroker-1] INFO  o.s.w.s.c.WebSocketMessageBrokerStats.lambda$initLoggingTask$0 - WebSocketSession[0 current WS(0)-HttpStream(0)-HttpPoll(0), 0 total, 0 closed abnormally (0 connect failure, 0 send limit, 0 transport error)], stompSubProtocol[processed CONNECT(0)-CONNECTED(0)-DISCONNECT(0)], stompBrokerRelay[null], inboundChannel[pool size = 0, active threads = 0, queued tasks = 0, completed tasks = 0], outboundChannel[pool size = 0, active threads = 0, queued tasks = 0, completed tasks = 0], sockJsScheduler[pool size = 1, active threads = 1, queued tasks = 0, completed tasks = 0]
12-07-2025 15:44:11.652 [http-nio-8086-exec-2] INFO  o.a.c.c.C.[Tomcat].[localhost].[/].log - Initializing Spring DispatcherServlet 'dispatcherServlet'
12-07-2025 15:44:11.654 [http-nio-8086-exec-2] INFO  o.s.web.servlet.DispatcherServlet.initServletBean - Initializing Servlet 'dispatcherServlet'
12-07-2025 15:44:11.660 [http-nio-8086-exec-2] INFO  o.s.web.servlet.DispatcherServlet.initServletBean - Completed initialization in 5 ms
12-07-2025 15:44:14.975 [http-nio-8086-exec-2] WARN  c.a.q.s.i.TrackLogRequestInterceptor.postHandle - [HANDLING TIME   ] PaymentController.checkOut(CheckOutReq)-> 3.244.752.000 ns > 3000000000
12-07-2025 15:49:36.762 [Quartz Shutdown-Hook QiqiShopScheduler] INFO  o.q.p.management.ShutdownHookPlugin.run - Shutting down Quartz...
12-07-2025 15:49:36.780 [Quartz Shutdown-Hook QiqiShopScheduler] INFO  org.quartz.core.QuartzScheduler.shutdown - Scheduler QiqiShopScheduler_$_e857b0be-e1d0-4d67-82aa-4f1890abfbc1 shutting down.
12-07-2025 15:49:36.781 [Quartz Shutdown-Hook QiqiShopScheduler] INFO  org.quartz.core.QuartzScheduler.standby - Scheduler QiqiShopScheduler_$_e857b0be-e1d0-4d67-82aa-4f1890abfbc1 paused.
12-07-2025 15:49:36.942 [SpringApplicationShutdownHook] INFO  o.s.b.w.e.tomcat.GracefulShutdown.shutDownGracefully - Commencing graceful shutdown. Waiting for active requests to complete
12-07-2025 15:49:36.998 [tomcat-shutdown] INFO  o.s.b.w.e.tomcat.GracefulShutdown.doShutdown - Graceful shutdown complete
12-07-2025 15:49:37.018 [SpringApplicationShutdownHook] INFO  o.s.m.s.b.SimpleBrokerMessageHandler.info - Stopping...
12-07-2025 15:49:37.022 [SpringApplicationShutdownHook] INFO  o.s.m.s.b.SimpleBrokerMessageHandler.info - BrokerAvailabilityEvent[available=false, SimpleBrokerMessageHandler [org.springframework.messaging.simp.broker.DefaultSubscriptionRegistry@645b201e]]
12-07-2025 15:49:37.023 [SpringApplicationShutdownHook] INFO  o.s.m.s.b.SimpleBrokerMessageHandler.info - Stopped.
12-07-2025 15:49:37.155 [SpringApplicationShutdownHook] INFO  o.s.s.quartz.SchedulerFactoryBean.destroy - Shutting down Quartz Scheduler
12-07-2025 15:49:37.192 [SpringApplicationShutdownHook] INFO  o.s.o.j.LocalContainerEntityManagerFactoryBean.destroy - Closing JPA EntityManagerFactory for persistence unit 'default'
12-07-2025 15:49:37.238 [SpringApplicationShutdownHook] INFO  com.zaxxer.hikari.HikariDataSource.close - HikariPool-1 - Shutdown initiated...
12-07-2025 15:49:37.385 [Quartz Shutdown-Hook QiqiShopScheduler] INFO  org.quartz.core.QuartzScheduler.shutdown - Scheduler QiqiShopScheduler_$_e857b0be-e1d0-4d67-82aa-4f1890abfbc1 shutdown complete.
12-07-2025 15:49:37.669 [SpringApplicationShutdownHook] INFO  com.zaxxer.hikari.HikariDataSource.close - HikariPool-1 - Shutdown completed.
